I'm sorry, but errors were detected in your script. Please correct the
errors listed below, and try again.


File "game/quests.rpy", line 73: u'texto' is not a keyword argument or valid child for the for statement.
    texto= quest.name
         ^

Ren'Py Version: Ren'Py 7.3.5.606
Mon Sep 07 11:46:29 2020
